Timeout (0:02:00)!
Thread <redacted> (most recent call first):
  <no Python frame>

Thread <redacted> (most recent call first):
  <no Python frame>

Thread <redacted> (most recent call first):
  <no Python frame>

Thread <redacted> (most recent call first):
  <no Python frame>

Thread <redacted> (most recent call first):
  <no Python frame>

Thread <redacted> (most recent call first):
  <no Python frame>

Thread <redacted> (most recent call first):
  <no Python frame>

Thread <redacted> (most recent call first):
  <no Python frame>

Thread <redacted> (most recent call first):
  File "<workspace-path>", line 81 in _worker
  File "<workspace-path>", line 982 in run
  File "<workspace-path>", line 1045 in _bootstrap_inner
  File "<workspace-path>", line 1002 in _bootstrap

Thread <redacted> (most recent call first):
  File "<workspace-path>", line 81 in _worker
  File "<workspace-path>", line 982 in run
  File "<workspace-path>", line 1045 in _bootstrap_inner
  File "<workspace-path>", line 1002 in _bootstrap

Thread <redacted> (most recent call first):
  File "<workspace-path>", line 81 in _worker
  File "<workspace-path>", line 982 in run
  File "<workspace-path>", line 1045 in _bootstrap_inner
  File "<workspace-path>", line 1002 in _bootstrap

Thread <redacted> (most recent call first):
  File "<workspace-path>", line 81 in _worker
  File "<workspace-path>", line 982 in run
  File "<workspace-path>", line 1045 in _bootstrap_inner
  File "<workspace-path>", line 1002 in _bootstrap

Thread <redacted> (most recent call first):
  File "<site-packages>/torch/_inductor/compile_worker/subproc_pool.py", line 76 in _recv_msg
  File "<site-packages>/torch/_inductor/compile_worker/subproc_pool.py", line 271 in _read_thread
  File "<workspace-path>", line 982 in run
  File "<workspace-path>", line 1045 in _bootstrap_inner
  File "<workspace-path>", line 1002 in _bootstrap

Thread <redacted> (most recent call first):
  File "<site-packages>/torch_npu/contrib/transfer_to_npu.py", line 194 in decorated
  File "<site-packages>/torch/_inductor/fx_passes/fuse_attention.py", line 1126 in _get_sfdp_patterns
  File "<site-packages>/torch/_inductor/fx_passes/fuse_attention.py", line 1494 in _sfdp_init
  File "<site-packages>/torch/_inductor/fx_passes/joint_graph.py", line 87 in lazy_init
  File "<site-packages>/torch/_inductor/pattern_matcher.py", line 2714 in lazy_init
  File "<site-packages>/torch/_inductor/fx_passes/joint_graph.py", line 661 in joint_graph_passes
  File "<site-packages>/torch/_inductor/compile_fx.py", line 558 in _recursive_joint_graph_passes
  File "<site-packages>/torch/_inductor/compile_fx.py", line 2291 in partition_fn
  File "<site-packages>/torch/_functorch/_aot_autograd/graph_compile.py", line 1929 in _partition_joint_graph_into_fw_bw
  File "<site-packages>/torch/_functorch/_aot_autograd/graph_compile.py", line 2183 in _aot_stage2a_partition
  File "<site-packages>/torch/_functorch/_aot_autograd/graph_compile.py", line 2453 in aot_stage2_autograd
  File "<site-packages>/torch/_functorch/_aot_autograd/graph_compile.py", line 356 in aot_stage2_compile
  File "<site-packages>/torch/_functorch/aot_autograd.py", line 1238 in aot_module_simplified
  File "<site-packages>/torch/_dynamo/backends/common.py", line 123 in __call__
  File "<site-packages>/torch/_inductor/compile_fx.py", line 3061 in _compile_fx_main
  File "<site-packages>/torch/_inductor/compile_fx.py", line 2863 in _maybe_wrap_and_compile_fx_main
  File "<site-packages>/torch/_inductor/compile_fx.py", line 2782 in compile_fx
  File "<site-packages>/torch/__init__.py", line 2489 in __call__
  File "<site-packages>/torch_npu/utils/_dynamo.py", line 233 in new_call
  File "<site-packages>/torch/_dynamo/repro/after_dynamo.py", line 159 in __call__
  File "<site-packages>/torch/_dynamo/output_graph.py", line 3119 in _call_user_compiler
  File "<site-packages>/torch/_dynamo/output_graph.py", line 3057 in call_user_compiler
  File "<site-packages>/torch/_dynamo/output_graph.py", line 2880 in compile_and_call_fx_graph
  File "<site-packages>/torch/_dynamo/output_graph.py", line 2234 in compile_subgraph
  File "<site-packages>/torch/_dynamo/symbolic_convert.py", line 5589 in _return
  File "<site-packages>/torch/_dynamo/symbolic_convert.py", line 5616 in RETURN_VALUE
  File "<site-packages>/torch/_dynamo/symbolic_convert.py", line 1603 in step
  File "<site-packages>/torch/_dynamo/symbolic_convert.py", line 1950 in run
  File "<site-packages>/torch/_dynamo/convert_frame.py", line 935 in run_tracer
  File "<site-packages>/torch/_dynamo/convert_frame.py", line 954 in trace_frame
  File "<site-packages>/torch/_dynamo/convert_frame.py", line 368 in _fn
  File "<site-packages>/torch/_dynamo/convert_frame.py", line 1555 in transform
  File "<site-packages>/torch/_dynamo/bytecode_transformation.py", line 1821 in transform_code_object
  File "<site-packages>/torch/_dynamo/convert_frame.py", line 1584 in compile_frame
  File "<site-packages>/torch/_dynamo/convert_frame.py", line 1747 in _compile_inner
  File "<site-packages>/torch/_dynamo/convert_frame.py", line 1687 in compile_inner
  File "<site-packages>/torch/_utils_internal.py", line 96 in wrapper_function
  File "<site-packages>/torch/_dynamo/convert_frame.py", line 2102 in _compile
  File "<site-packages>/torch/_dynamo/convert_frame.py", line 777 in __call__
  File "<site-packages>/torch/_dynamo/convert_frame.py", line 2319 in __call__
  File "<site-packages>/torch/_dynamo/convert_frame.py", line 2628 in __call__
  File "<site-packages>/torch/nn/modules/module.py", line 1789 in _call_impl
  File "<site-packages>/torch/nn/modules/module.py", line 1778 in _wrapped_call_impl
  File "<site-packages>/torch/_dynamo/eval_frame.py", line 1166 in compile_wrapper
  File "<site-packages>/torch/nn/modules/module.py", line 1789 in _call_impl
  File "<site-packages>/torch/nn/modules/module.py", line 1778 in _wrapped_call_impl
  File "<site-packages>/torch/_dynamo/eval_frame.py", line 511 in __call__
  File "<pytorch>/test/inductor/npu_inductor_repairs_v3_20261009/test/inductor/test_efficient_conv_bn_eval.py", line 218 in test_conv_bn_eval
  File "<pytorch>/test/inductor/npu_inductor_repairs_v3_20261009/test/inductor/test_efficient_conv_bn_eval.py", line 264 in test_basic
  File "<workspace-path>", line 81 in inner
  File "<workspace-path>", line 81 in inner
  File "<site-packages>/torch/testing/_internal/common_cuda.py", line 355 in <lambda>
  File "<site-packages>/torch/testing/_internal/common_cuda.py", line 336 in with_tf32_disabled
  File "<site-packages>/torch/testing/_internal/common_cuda.py", line 355 in wrapped
  File "<pytorch>/test/inductor/npu_inductor_repairs_v3_20261009/test/inductor/test_torchinductor.py", line 18239 in new_test
  File "<site-packages>/torch/testing/_internal/common_utils.py", line 3553 in wrapper
  File "<workspace-path>", line 579 in _callTestMethod
  File "<workspace-path>", line 623 in run
  File "<site-packages>/torch/testing/_internal/common_utils.py", line 3705 in _run_custom
  File "<site-packages>/torch/testing/_internal/common_utils.py", line 3736 in run
  File "<workspace-path>", line 678 in __call__
  File "<site-packages>/_pytest/unittest.py", line 351 in runtest
  File "<site-packages>/_pytest/runner.py", line 174 in pytest_runtest_call
  File "<site-packages>/pluggy/_callers.py", line 121 in _multicall
  File "<site-packages>/pluggy/_manager.py", line 120 in _hookexec
  File "<site-packages>/pluggy/_hooks.py", line 512 in __call__
  File "<site-packages>/_pytest/runner.py", line 242 in <lambda>
  File "<site-packages>/_pytest/runner.py", line 341 in from_call
  File "<site-packages>/_pytest/runner.py", line 241 in call_and_report
  File "<site-packages>/_pytest/runner.py", line 132 in runtestprotocol
  File "<site-packages>/_pytest/runner.py", line 113 in pytest_runtest_protocol
  File "<site-packages>/pluggy/_callers.py", line 121 in _multicall
  File "<site-packages>/pluggy/_manager.py", line 120 in _hookexec
  File "<site-packages>/pluggy/_hooks.py", line 512 in __call__
  File "<site-packages>/_pytest/main.py", line 362 in pytest_runtestloop
  File "<site-packages>/pluggy/_callers.py", line 121 in _multicall
  File "<site-packages>/pluggy/_manager.py", line 120 in _hookexec
  File "<site-packages>/pluggy/_hooks.py", line 512 in __call__
  File "<site-packages>/_pytest/main.py", line 337 in _main
  File "<site-packages>/_pytest/main.py", line 283 in wrap_session
  File "<site-packages>/_pytest/main.py", line 330 in pytest_cmdline_main
  File "<site-packages>/pluggy/_callers.py", line 121 in _multicall
  File "<site-packages>/pluggy/_manager.py", line 120 in _hookexec
  File "<site-packages>/pluggy/_hooks.py", line 512 in __call__
  File "<site-packages>/_pytest/config/__init__.py", line 175 in main
  File "<pytorch>/test/inductor/npu_inductor_repairs_v3_20261009/test/inductor/run_batch.py", line 310 in main
  File "run_conv_precision_validation.py", line 23 in <module>
  File "<frozen runpy>", line 88 in _run_code
  File "<frozen runpy>", line 98 in _run_module_code
  File "<frozen runpy>", line 291 in run_path
  File "<string>", line 1 in <module>
Timeout (0:02:00)!
Thread <redacted> (most recent call first):
  File "<site-packages>/torch/_inductor/compile_worker/timer.py", line 42 in check
  File "<workspace-path>", line 982 in run
  File "<workspace-path>", line 1045 in _bootstrap_inner
  File "<workspace-path>", line 1002 in _bootstrap

Thread <redacted> (most recent call first):
  <no Python frame>

Thread <redacted> (most recent call first):
  <no Python frame>

Thread <redacted> (most recent call first):
  <no Python frame>

Thread <redacted> (most recent call first):
  <no Python frame>

Thread <redacted> (most recent call first):
  <no Python frame>

Thread <redacted> (most recent call first):
  <no Python frame>

Thread <redacted> (most recent call first):
  <no Python frame>

Thread <redacted> (most recent call first):
  <no Python frame>

Thread <redacted> (most recent call first):
  File "<workspace-path>", line 81 in _worker
  File "<workspace-path>", line 982 in run
  File "<workspace-path>", line 1045 in _bootstrap_inner
  File "<workspace-path>", line 1002 in _bootstrap

Thread <redacted> (most recent call first):
  File "<workspace-path>", line 81 in _worker
  File "<workspace-path>", line 982 in run
  File "<workspace-path>", line 1045 in _bootstrap_inner
  File "<workspace-path>", line 1002 in _bootstrap

Thread <redacted> (most recent call first):
  File "<workspace-path>", line 81 in _worker
  File "<workspace-path>", line 982 in run
  File "<workspace-path>", line 1045 in _bootstrap_inner
  File "<workspace-path>", line 1002 in _bootstrap

Thread <redacted> (most recent call first):
  File "<workspace-path>", line 81 in _worker
  File "<workspace-path>", line 982 in run
  File "<workspace-path>", line 1045 in _bootstrap_inner
  File "<workspace-path>", line 1002 in _bootstrap

Thread <redacted> (most recent call first):
  File "<site-packages>/torch/_inductor/compile_worker/subproc_pool.py", line 76 in _recv_msg
  File "<site-packages>/torch/_inductor/compile_worker/subproc_pool.py", line 271 in _read_thread
  File "<workspace-path>", line 982 in run
  File "<workspace-path>", line 1045 in _bootstrap_inner
  File "<workspace-path>", line 1002 in _bootstrap

Thread <redacted> (most recent call first):
  File "<workspace-path>", line 327 in wait
  File "<workspace-path>", line 451 in result
  File "<site-packages>/torch/_inductor/async_compile.py", line 498 in get_result
  File "<site-packages>/torch/_inductor/codecache.py", line 5306 in result
  File "<site-packages>/torch/_inductor/async_compile.py", line 848 in _wait_futures
  File "<site-packages>/torch/_inductor/async_compile.py", line 818 in wait
  File "<pytorch>/test/inductor/npu_inductor_repairs_v3_20261009/tmpu_qphqig/v7/cv7w3uwq4qy5he3z4s6nh4gkuszitjouoo6nxbir77mtbbamqlvb.py", line 176 in <module>
  File "<site-packages>/torch/_inductor/runtime/compile_tasks.py", line 35 in _reload_python_module
  File "<site-packages>/torch/_inductor/codecache.py", line 4622 in load_by_key_path
  File "<site-packages>/torch/_inductor/graph.py", line 2754 in _compile_to_module_lines
  File "<site-packages>/torch/_inductor/graph.py", line 2679 in _compile_to_module
  File "<site-packages>/torch/_inductor/graph.py", line 2669 in compile_to_module
  File "<site-packages>/torch/_inductor/compile_fx.py", line 1608 in codegen_and_compile
  File "<site-packages>/torch/_inductor/compile_fx.py", line 1847 in fx_codegen_and_compile
  File "<site-packages>/torch/_inductor/compile_fx.py", line 1059 in _compile_fx_inner
  File "<site-packages>/torch/_dynamo/repro/after_aot.py", line 317 in debug_wrapper
  File "<site-packages>/torch/_inductor/compile_fx.py", line 837 in compile_fx_inner
  File "<site-packages>/torch/_inductor/compile_fx.py", line 2537 in compile_fx_forward
  File "<site-packages>/torch/_inductor/compile_fx.py", line 2924 in fw_compiler_base
  File "<site-packages>/torch/_functorch/_aot_autograd/schemas.py", line 1472 in __call__
  File "<site-packages>/torch/_functorch/_aot_autograd/graph_compile.py", line 2800 in _aot_stage2b_compile_forward_or_inference
  File "<site-packages>/torch/_functorch/_aot_autograd/graph_compile.py", line 2249 in _aot_stage2b_fw_compile
  File "<site-packages>/torch/_functorch/_aot_autograd/graph_compile.py", line 2468 in aot_stage2_autograd
  File "<site-packages>/torch/_functorch/_aot_autograd/graph_compile.py", line 356 in aot_stage2_compile
  File "<site-packages>/torch/_functorch/aot_autograd.py", line 1238 in aot_module_simplified
  File "<site-packages>/torch/_dynamo/backends/common.py", line 123 in __call__
  File "<site-packages>/torch/_inductor/compile_fx.py", line 3061 in _compile_fx_main
  File "<site-packages>/torch/_inductor/compile_fx.py", line 2863 in _maybe_wrap_and_compile_fx_main
  File "<site-packages>/torch/_inductor/compile_fx.py", line 2782 in compile_fx
  File "<site-packages>/torch/__init__.py", line 2489 in __call__
  File "<site-packages>/torch_npu/utils/_dynamo.py", line 233 in new_call
  File "<site-packages>/torch/_dynamo/repro/after_dynamo.py", line 159 in __call__
  File "<site-packages>/torch/_dynamo/output_graph.py", line 3119 in _call_user_compiler
  File "<site-packages>/torch/_dynamo/output_graph.py", line 3057 in call_user_compiler
  File "<site-packages>/torch/_dynamo/output_graph.py", line 2880 in compile_and_call_fx_graph
  File "<site-packages>/torch/_dynamo/output_graph.py", line 2234 in compile_subgraph
  File "<site-packages>/torch/_dynamo/symbolic_convert.py", line 5589 in _return
  File "<site-packages>/torch/_dynamo/symbolic_convert.py", line 5616 in RETURN_VALUE
  File "<site-packages>/torch/_dynamo/symbolic_convert.py", line 1603 in step
  File "<site-packages>/torch/_dynamo/symbolic_convert.py", line 1950 in run
  File "<site-packages>/torch/_dynamo/convert_frame.py", line 935 in run_tracer
  File "<site-packages>/torch/_dynamo/convert_frame.py", line 954 in trace_frame
  File "<site-packages>/torch/_dynamo/convert_frame.py", line 368 in _fn
  File "<site-packages>/torch/_dynamo/convert_frame.py", line 1555 in transform
  File "<site-packages>/torch/_dynamo/bytecode_transformation.py", line 1821 in transform_code_object
  File "<site-packages>/torch/_dynamo/convert_frame.py", line 1584 in compile_frame
  File "<site-packages>/torch/_dynamo/convert_frame.py", line 1747 in _compile_inner
  File "<site-packages>/torch/_dynamo/convert_frame.py", line 1687 in compile_inner
  File "<site-packages>/torch/_utils_internal.py", line 96 in wrapper_function
  File "<site-packages>/torch/_dynamo/convert_frame.py", line 2102 in _compile
  File "<site-packages>/torch/_dynamo/convert_frame.py", line 777 in __call__
  File "<site-packages>/torch/_dynamo/convert_frame.py", line 2319 in __call__
  File "<site-packages>/torch/_dynamo/convert_frame.py", line 2628 in __call__
  File "<site-packages>/torch/nn/modules/module.py", line 1789 in _call_impl
  File "<site-packages>/torch/nn/modules/module.py", line 1778 in _wrapped_call_impl
  File "<site-packages>/torch/_dynamo/eval_frame.py", line 1166 in compile_wrapper
  File "<site-packages>/torch/nn/modules/module.py", line 1789 in _call_impl
  File "<site-packages>/torch/nn/modules/module.py", line 1778 in _wrapped_call_impl
  File "<site-packages>/torch/_dynamo/eval_frame.py", line 511 in __call__
  File "<pytorch>/test/inductor/npu_inductor_repairs_v3_20261009/test/inductor/test_efficient_conv_bn_eval.py", line 218 in test_conv_bn_eval
  File "<pytorch>/test/inductor/npu_inductor_repairs_v3_20261009/test/inductor/test_efficient_conv_bn_eval.py", line 264 in test_basic
  File "<workspace-path>", line 81 in inner
  File "<workspace-path>", line 81 in inner
  File "<site-packages>/torch/testing/_internal/common_cuda.py", line 355 in <lambda>
  File "<site-packages>/torch/testing/_internal/common_cuda.py", line 336 in with_tf32_disabled
  File "<site-packages>/torch/testing/_internal/common_cuda.py", line 355 in wrapped
  File "<pytorch>/test/inductor/npu_inductor_repairs_v3_20261009/test/inductor/test_torchinductor.py", line 18239 in new_test
  File "<site-packages>/torch/testing/_internal/common_utils.py", line 3553 in wrapper
  File "<workspace-path>", line 579 in _callTestMethod
  File "<workspace-path>", line 623 in run
  File "<site-packages>/torch/testing/_internal/common_utils.py", line 3705 in _run_custom
  File "<site-packages>/torch/testing/_internal/common_utils.py", line 3736 in run
  File "<workspace-path>", line 678 in __call__
  File "<site-packages>/_pytest/unittest.py", line 351 in runtest
  File "<site-packages>/_pytest/runner.py", line 174 in pytest_runtest_call
  File "<site-packages>/pluggy/_callers.py", line 121 in _multicall
  File "<site-packages>/pluggy/_manager.py", line 120 in _hookexec
  File "<site-packages>/pluggy/_hooks.py", line 512 in __call__
  File "<site-packages>/_pytest/runner.py", line 242 in <lambda>
  File "<site-packages>/_pytest/runner.py", line 341 in from_call
  File "<site-packages>/_pytest/runner.py", line 241 in call_and_report
  File "<site-packages>/_pytest/runner.py", line 132 in runtestprotocol
  File "<site-packages>/_pytest/runner.py", line 113 in pytest_runtest_protocol
  File "<site-packages>/pluggy/_callers.py", line 121 in _multicall
  File "<site-packages>/pluggy/_manager.py", line 120 in _hookexec
  File "<site-packages>/pluggy/_hooks.py", line 512 in __call__
  File "<site-packages>/_pytest/main.py", line 362 in pytest_runtestloop
  File "<site-packages>/pluggy/_callers.py", line 121 in _multicall
  File "<site-packages>/pluggy/_manager.py", line 120 in _hookexec
  File "<site-packages>/pluggy/_hooks.py", line 512 in __call__
  File "<site-packages>/_pytest/main.py", line 337 in _main
  File "<site-packages>/_pytest/main.py", line 283 in wrap_session
  File "<site-packages>/_pytest/main.py", line 330 in pytest_cmdline_main
  File "<site-packages>/pluggy/_callers.py", line 121 in _multicall
  File "<site-packages>/pluggy/_manager.py", line 120 in _hookexec
  File "<site-packages>/pluggy/_hooks.py", line 512 in __call__
  File "<site-packages>/_pytest/config/__init__.py", line 175 in main
  File "<pytorch>/test/inductor/npu_inductor_repairs_v3_20261009/test/inductor/run_batch.py", line 310 in main
  File "run_conv_precision_validation.py", line 23 in <module>
  File "<frozen runpy>", line 88 in _run_code
  ...
2026-10-09 23:20:51,411 - WARNING - [x0, x0 + 32, x0 + 64, x0 + 96, 3*x0, 3*x0 + 1, 3*x0 + 2] low_dims is null, {0}, {0}
2026-10-09 23:21:23,742 - WARNING - [x0, x0 + 32, x0 + 64, x0 + 96, 3*x0, 3*x0 + 1, 3*x0 + 2] low_dims is null, {0}, {0}
